// Jest Snapshot v1, https://goo.gl/fbAQLP

exports[`renders correctly 1`] = `
<a
  className="sc-bdVaJa bRdZkh"
  href="/a-link"
>
  Clickonme
</a>
`;
